// Jest Snapshot v1, https://goo.gl/fbAQLP

exports[`pages/Page test pages/Page should match snapshot 1`] = `
<div
  className="container-fluid animated fadeIn"
>
  <div
    className="row mx-0 w-100"
  >
    <div
      className="col-12 d-flex-justify-content-center"
    >
      <p>
        Other  Page Content Goes here.....
      </p>
    </div>
  </div>
</div>
`;
